0 Munteanu Gabriel 3 b 5.00
1 Moldovan Marian 3 t 8.10
2 Becali Ioana 3 b 6.02
3 Barbu Maria 3 b 6.30
4 Mihoc Iulian 1 t 6.06
5 Terzea Tiberiu 3 b 7.06
6 Merei Larisa 3 b 4.32
7 Encea Andrei 3 b 5.96
8 Gheorghita Adriana 3 b 5.96
9 Roman Razvan 3 b 6.62
10 Petre Sorina 3 b 5.89
11 Mihoc Larisa 3 b 5.24
12 Pancila Izabela 3 b 7.46
13 Pogoran Ciprian 3 b 7.70
14 Timu Tiberiu 3 b 5.44
15 Encea Raluca 3 b 7.63
16 Riga Victor 3 b 6.12
17 Stan Diana 3 b 5.74
18 Becali Bianca 3 b 8.24
19 Lupu Elena 3 b 4.09
20 Popescu Vlad 1 t 6.64
21 Stoica Mihai 3 b 5.41
22 Encea Cristina 3 b 5.12
23 Elena Denisa 3 b 6.54
24 Stan Ioana 3 b 7.36
25 Terzea Razvan 3 b 5.88
26 Ionescu Gabriel 1 t 8.14
27 Ionescu Ioana 3 b 6.15
28 Rebej Adriana 3 b 4.22
29 Gheorghita Ana 3 b 5.32
30 Dumitru Izabela 2 t 6.26
31 Popescu Ciprian 3 b 9.11
32 Timofte Bianca 3 b 8.26
33 Mihoc Ioana 3 b 7.03
34 Lupu Dragos 3 b 5.95
35 Georgescu Raluca 1 t 6.72
36 Mihoc Adriana 3 b 4.60
37 Petic Raluca 3 b 7.57
38 Rebej Stefan 3 b 6.95
39 Ionescu Adriana 3 b 8.41
40 Dumitru Adriana 3 b 9.02
41 Constantin Tiberiu 3 b 6.22
42 Stan Ioana 3 b 6.16
43 Stan Adrian 3 b 3.10
44 Georgescu Florentina 3 b 7.48
45 Roman Nicoleta 3 b 5.21
46 Popescu Dragos 3 b 5.65
47 Mihalt Larisa 3 b 6.00
48 Sandu Gabriel 2 t 5.62
49 Constantin Andrei 3 b 8.25
50 Constantin Denisa 3 b 4.52
51 Iliescu Tiberiu 3 b 7.22
52 Ciobanu Teodor 3 b 7.36
53 Becali Nicoleta 3 b 6.21
54 Ionescu Mihai 3 b 9.00
55 Grigore Razvan 3 b 8.92
56 Pirvan Sorina 3 b 8.48
57 Tudor Sorina 3 b 7.16
58 Terzea Marian 3 b 7.61
59 Mihalt Cristina 3 b 6.07
60 Antonescu Andrei 4 t 7.91
61 Mihalt Bianca 3 b 6.21
62 Grigore Elena 3 b 5.63
63 Ionescu Sorina 3 b 6.37
64 Radu Florentina 3 b 7.38
65 Tudor Sorina 3 b 5.77
66 Pancila Adriana 3 b 6.40
67 Tudor Stefan 1 t 7.27
68 Georgescu Alina 3 b 6.70
69 Dragan Cristina 3 b 7.39
70 Iliescu Victor 3 b 6.49
71 Stan Bianca 3 b 6.99
72 Pancila Dragos 3 b 7.35
73 Pirvan Victor 3 b 3.06
74 Roman Daniela 3 b 7.37
75 Moldovan Bianca 3 b 7.10
76 Merei Gabriel 1 t 5.22
77 Timu Razvan 3 b 7.59
78 Radu Gabriel 3 b 4.94
79 Roata Teodor 3 b 6.03
80 Iliescu Alina 3 b 4.73
81 Petre Daniela 3 b 4.92
82 Ciobanu Nicoleta 3 b 6.43
83 Petre Izabela 3 b 4.07
84 Moldovan Tiberiu 3 b 6.46
85 Timu Dragos 3 b 3.73
86 Sandu Andrei 3 b 6.79
87 Gheorghita Maria 3 b 7.55
88 Riga Maria 3 b 6.12
89 Sandu Diana 3 b 4.89
90 Petrescu Alina 3 b 7.14
91 Encea Vlad 3 b 6.35
92 Trandaf Ana 3 b 6.38
93 Petre Tiberiu 2 t 5.72
94 Ionescu Maria 3 b 7.78
95 Stoica Teodor 2 t 4.46
96 Trandaf Vlad 3 b 6.43
97 Grigore Vlad 3 b 6.41
98 Nicolescu Ana 3 b 7.06
99 Rebej Razvan 3 b 7.70
