1 PCLP1 Timu Ana
3 Fizica Grigore Bianca
5 Analiza Pancila Iulian
7 EGC Ionescu Gabriel
9 PL Gheorghita Maria
11 RC Munteanu Larisa
13 BD Pancila Daniela
15 CN Roata Tiberiu
17 PC Dumitru Teodor
19 PS Becali Marian
