1 Pogoran Adrian 4 b 2.84
2 Trandaf Denisa 1 b 6.22
3 Ionescu Teodor 4 b 5.52
4 Popescu Adrian 3 b 7.74
6 Ionescu Andrei 1 b 4.66
7 Roman Denisa 4 b 5.23
8 Ionescu Florentina 4 b 5.84
9 Petrescu Florentina 3 b 6.16
0
4
5
7
8
9
