0 Nicolescu Elena 3 t 7.62
1 Pogoran Adrian 3 t 2.84
2 Trandaf Denisa 3 b 6.22
3 Ionescu Teodor 3 b 5.52
4 Popescu Adrian 3 b 7.74
5 Encea Cristina 3 t 7.14
6 Ionescu Andrei 3 b 4.66
7 Roman Denisa 3 b 5.23
8 Ionescu Florentina 3 b 5.84
9 Petrescu Florentina 3 b 6.16
