1 PCLP1 Pancila Daniela
3 Fizica Petrescu Cristina
5 Analiza Tudor Alina
7 EGC Petic Vlad
0 Nicolescu Elena
5 Encea Cristina
