Comanda: SELECT nume FROM studenti | Tip: SELECT | Lenght: 25 | 
